bash: /Users/okgoogle13/.pyenv/shims/python: Operation not permitted
